<?xml version="1.0" encoding="UTF-8" standalone="no"?><Program><Let><List><Binding><IdDecl/><Numeral/></Binding><Binding><IdDecl/><Numeral/></Binding></List><Div><IdUse/><IdUse/></Div></Let></Program>