<?xml version="1.0" encoding="UTF-8" standalone="no"?><DebuggerConfig><FilterConfig><Opt><Use><List><IdDecl/></List></Use></Opt><List/></FilterConfig><List><Filter><IdDecl/><List><Node><List><cluster><List/></cluster><cluster><List/></cluster><cluster><List/></cluster><cluster><List/></cluster></List><LangDecl/></Node><Node><List><cluster><List/></cluster><cluster><List/></cluster><cluster><List/></cluster><cluster><List/></cluster></List><LangDecl/></Node></List></Filter></List></DebuggerConfig>