<?xml version="1.0" encoding="UTF-8" standalone="no"?><Program><Let><Div><IdUse/><IdUse/></Div><List><Binding><Numeral/><IdDecl/></Binding><Binding><Numeral/><IdDecl/></Binding></List></Let></Program>