<?xml version="1.0" encoding="UTF-8" standalone="no"?><DebuggerConfig><Opt><Config><Opt><BindingList><List><Binding><IdDecl/><Bool/></Binding><Binding><IdDecl/><Bool/></Binding><Binding><IdDecl/><Bool/></Binding></List></BindingList></Opt><ConfigDecl/></Config></Opt><List><Global><ConfigDecl/><Opt><ConfigList><List/></ConfigList></Opt></Global><Include><ConfigDecl/><Opt><NodeConfigList><List/></NodeConfigList></Opt></Include></List></DebuggerConfig>