<?xml version="1.0" encoding="UTF-8" standalone="no"?><DebuggerConfig><Opt><Config><Opt/><ConfigDecl/></Config></Opt><List><Global><Opt><ConfigList><List/></ConfigList></Opt><ConfigDecl/></Global><Include><ConfigDecl/><Opt><NodeConfigList><List/></NodeConfigList></Opt></Include></List></DebuggerConfig>