<?xml version="1.0" encoding="UTF-8" standalone="no"?><DebuggerConfig><Opt><Config><Opt/><ConfigDecl/></Config></Opt><List><Global><ConfigDecl/><Opt><ConfigList><List><Config><Opt><BinExprList><List><IN><IdDecl/><StrArray><List><Str/><Str/></List></StrArray></IN></List></BinExprList></Opt><ConfigDecl/></Config><Config><Opt/><ConfigDecl/></Config><Config><Opt/><ConfigDecl/></Config></List></ConfigList></Opt></Global><Include><ConfigDecl/><Opt><NodeConfigList><List/></NodeConfigList></Opt></Include></List></DebuggerConfig>