<?xml version="1.0" encoding="UTF-8" standalone="no"?><Program><Mul><Numeral/><Null/></Mul></Program>