<?xml version="1.0" encoding="UTF-8" standalone="no"?><DebuggerConfig><cluster><IdDecl/><Bool/><Style><List><Binding><cluster/></Binding><Binding><cluster/></Binding></List></Style><Show><cluster/></Show><Style><List><Binding><cluster/></Binding><Binding><cluster/></Binding></List></Style></cluster><cluster/></DebuggerConfig>