<?xml version="1.0" encoding="UTF-8" standalone="no"?><DebuggerConfig><Opt><cluster><Opt/></cluster></Opt><cluster><Opt><cluster/></Opt><Opt><cluster><NodeConfig><cluster><Opt/><IdDecl/></cluster><Opt/></NodeConfig><NodeConfig><cluster><Opt/><IdDecl/></cluster><Opt/></NodeConfig><NodeConfig><cluster><Opt/><IdDecl/></cluster><Opt/></NodeConfig><NodeConfig><cluster><Opt/><IdDecl/></cluster><Opt/></NodeConfig><NodeConfig><cluster><Opt/><IdDecl/></cluster><Opt/></NodeConfig><NodeConfig><cluster><Opt/><IdDecl/></cluster><Opt/></NodeConfig><NodeConfig><cluster><Opt/><IdDecl/></cluster><Opt><cluster><Opt/></cluster></Opt></NodeConfig></cluster></Opt></cluster></DebuggerConfig>