<?xml version="1.0" encoding="UTF-8" standalone="no"?><DebuggerConfig><List><Filter><IdDecl/><List><Node><List><When><List><In><IdDecl/><StrArray><List><Str/><Str/></List></StrArray></In></List></When><Style><List/></Style><Show><List/></Show></List><LangDecl/></Node><Node><List/><LangDecl/></Node><Node><List/><LangDecl/></Node><Node><List/><LangDecl/></Node><Node><List/><LangDecl/></Node><Node><List/><LangDecl/></Node><Node><List/><LangDecl/></Node><Node><List><Show><List/></Show></List><LangDecl/></Node><Node><List/><LangDecl/></Node><Node><List><When><List><In><LangDecl/><StrArray><List><Str/><Str/></List></StrArray></In></List></When></List><LangDecl/></Node><Node><List><Show><List><LangDecl/></List></Show></List><LangDecl/></Node><Node><List><Show><List><LangDecl/></List></Show></List><LangDecl/></Node><Node><List><Style><List><Binding><IdDecl/><Color/></Binding></List></Style><Show><List><LangDecl/></List></Show></List><LangDecl/></Node><Node><List><Show><List><LangDecl/></List></Show></List><LangDecl/></Node></List></Filter></List><FilterConfig><List/><Opt><Use><List><IdDecl/></List></Use></Opt></FilterConfig></DebuggerConfig>