<?xml version="1.0" encoding="UTF-8" standalone="no"?><DebuggerConfig><FilterConfig><Opt><Use><List><IdDecl/></List></Use></Opt><List/></FilterConfig><List><Filter><IdDecl/><List><Node><List><When><List/></When><Style><List/></Style><SubTree><List/></SubTree><Show><List/></Show></List><LangDecl/></Node><Node><List><When><List/></When><Style><List/></Style><SubTree><List/></SubTree><Show><List/></Show></List><LangDecl/></Node><Node><List/><LangDecl/></Node><Node><List/><LangDecl/></Node><Node><List/><LangDecl/></Node><Node><List/><LangDecl/></Node><Node><List/><LangDecl/></Node><Node><List/><LangDecl/></Node><Node><List/><LangDecl/></Node><Node><List/><LangDecl/></Node><Node><List/><LangDecl/></Node><Node><List/><LangDecl/></Node><Node><List/><LangDecl/></Node><Node><List/><LangDecl/></Node><Node><List/><LangDecl/></Node><Node><List/><LangDecl/></Node><Node><List/><LangDecl/></Node><Node><List/><LangDecl/></Node><Node><List/><LangDecl/></Node><Node><List/><LangDecl/></Node><Node><List/><LangDecl/></Node><Node><List/><LangDecl/></Node><Node><List/><LangDecl/></Node><Node><List/><LangDecl/></Node><Node><List/><LangDecl/></Node><Node><List/><LangDecl/></Node><Node><List/><LangDecl/></Node><Node><List/><LangDecl/></Node><Node><List/><LangDecl/></Node><Node><List/><LangDecl/></Node><Node><List/><LangDecl/></Node><Node><List/><LangDecl/></Node><Node><List/><LangDecl/></Node><Node><List/><LangDecl/></Node></List></Filter></List></DebuggerConfig>