<?xml version="1.0" encoding="UTF-8" standalone="no"?><DebuggerConfig><Opt><Config><Opt><BindingList><List><Binding><IdDecl/><Bool/></Binding><Binding><IdDecl/><Bool/></Binding><Binding><IdDecl/><Bool/></Binding></List></BindingList></Opt><ConfigDecl/></Config></Opt><List><Global><ConfigDecl/><Opt><ConfigList><List><Config><Opt><BinExprList><List><EQ><IdDecl/><StrArray><List><Str/><Str/></List></StrArray></EQ></List></BinExprList></Opt><ConfigDecl/></Config><Config><Opt/><ConfigDecl/></Config><Config><Opt/><ConfigDecl/></Config></List></ConfigList></Opt></Global><Include><ConfigDecl/><Opt><NodeConfigList><List><NodeConfig><NodeName><Opt/><IdDecl/></NodeName><Opt/></NodeConfig><NodeConfig><NodeName><Opt/><IdDecl/></NodeName><Opt/></NodeConfig><NodeConfig><NodeName><Opt/><IdDecl/></NodeName><Opt/></NodeConfig><NodeConfig><NodeName><Opt/><IdDecl/></NodeName><Opt/></NodeConfig><NodeConfig><NodeName><Opt/><IdDecl/></NodeName><Opt/></NodeConfig><NodeConfig><NodeName><Opt/><IdDecl/></NodeName><Opt/></NodeConfig><NodeConfig><NodeName><Opt/><IdDecl/></NodeName><Opt><ConfigList><List><Config><Opt/><ConfigDecl/></Config></List></ConfigList></Opt></NodeConfig><NodeConfig><NodeName><Opt/><IdDecl/></NodeName><Opt/></NodeConfig><NodeConfig><NodeName><Opt/><IdDecl/></NodeName><Opt><ConfigList><List><Config><Opt><BinExprList><List><EQ><IdDecl/><StrArray><List><Str/><Str/></List></StrArray></EQ></List></BinExprList></Opt><ConfigDecl/></Config></List></ConfigList></Opt></NodeConfig><NodeConfig><NodeName><Opt/><IdDecl/></NodeName><Opt><ConfigList><List><Config><Opt><IdDeclList><List><IdDecl/></List></IdDeclList></Opt><ConfigDecl/></Config></List></ConfigList></Opt></NodeConfig><NodeConfig><NodeName><Opt/><IdDecl/></NodeName><Opt><ConfigList><List><Config><Opt><IdDeclList><List><IdDecl/></List></IdDeclList></Opt><ConfigDecl/></Config></List></ConfigList></Opt></NodeConfig><NodeConfig><NodeName><Opt/><IdDecl/></NodeName><Opt><ConfigList><List><Config><Opt><BindingList><List><Binding><IdDecl/><Color/></Binding></List></BindingList></Opt><ConfigDecl/></Config><Config><Opt><IdDeclList><List><IdDecl/></List></IdDeclList></Opt><ConfigDecl/></Config></List></ConfigList></Opt></NodeConfig><NodeConfig><NodeName><Opt/><IdDecl/></NodeName><Opt><ConfigList><List><Config><Opt><IdDeclList><List><IdDecl/></List></IdDeclList></Opt><ConfigDecl/></Config></List></ConfigList></Opt></NodeConfig></List></NodeConfigList></Opt></Include></List></DebuggerConfig>