<?xml version="1.0" encoding="UTF-8" standalone="no"?><DebuggerConfig><Opt><Config><Opt/><ConfigDecl/></Config></Opt><List><Global><Opt><ConfigList><List><Config><Opt><BinExprList><List><EQ><IdDecl/><StrArray><List><Str/><Str/></List></StrArray></EQ></List></BinExprList></Opt><ConfigDecl/></Config><Config><Opt/><ConfigDecl/></Config><Config><Opt/><ConfigDecl/></Config></List></ConfigList></Opt><ConfigDecl/></Global><Include><Opt><NodeConfigList><List/></NodeConfigList></Opt><ConfigDecl/></Include></List></DebuggerConfig>