<?xml version="1.0" encoding="UTF-8" standalone="no"?><DebuggerConfig><Opt><Config><Opt/><ConfigDecl/></Config></Opt><List><Global><ConfigDecl/><Opt><ConfigList><List/></ConfigList></Opt></Global><Include><ConfigDecl/><Opt><NodeConfigList><List><NodeConfig><NodeName><Opt/><IdDecl/></NodeName><Opt/></NodeConfig><NodeConfig><NodeName><Opt/><IdDecl/></NodeName><Opt/></NodeConfig><NodeConfig><NodeName><Opt/><IdDecl/></NodeName><Opt/></NodeConfig><NodeConfig><NodeName><Opt/><IdDecl/></NodeName><Opt/></NodeConfig><NodeConfig><NodeName><Opt/><IdDecl/></NodeName><Opt/></NodeConfig><NodeConfig><NodeName><Opt/><IdDecl/></NodeName><Opt/></NodeConfig><NodeConfig><NodeName><Opt/><IdDecl/></NodeName><Opt><ConfigList><List><Config><Opt/><ConfigDecl/></Config></List></ConfigList></Opt></NodeConfig></List></NodeConfigList></Opt></Include></List></DebuggerConfig>